../app/Src/task_temperature.c:22:6:temperatureSensorInit	16	static
../app/Src/task_temperature.c:29:6:temperatureSensorUpdate	40	static
../app/Src/task_temperature.c:72:7:temperatureSensorReadCelsiusLM35	4	static
../app/Src/task_temperature.c:76:7:temperatureSensorReadCelsiusInternal	4	static
../app/Src/task_temperature.c:80:7:temperatureSensorReadFahrenheitLM35	8	static
../app/Src/task_temperature.c:84:7:celsiusToFahrenheit	16	static
../app/Src/task_temperature.c:88:14:analogReadingScaledWithTheLM35Formula	24	static
../app/Src/task_temperature.c:95:14:calculateInternalTemperature	24	static
